2026-05-17 18:08:46,043 INFO o.a.j.u.JMeterUtils: Setting Locale to en_EN
2026-05-17 18:08:46,077 INFO o.a.j.JMeter: Loading user properties from: D:\apache-jmeter-5.6.3\bin\user.properties
2026-05-17 18:08:46,077 INFO o.a.j.JMeter: Loading system properties from: D:\apache-jmeter-5.6.3\bin\system.properties
2026-05-17 18:08:46,078 INFO o.a.j.JMeter: Setting JMeter property: threads=10
2026-05-17 18:08:46,078 INFO o.a.j.JMeter: Setting JMeter property: rampup=5
2026-05-17 18:08:46,078 INFO o.a.j.JMeter: Setting JMeter property: loop=10
2026-05-17 18:08:46,078 INFO o.a.j.JMeter: Setting JMeter property: throughput=300
2026-05-17 18:08:46,088 INFO o.a.j.JMeter: Copyright (c) 1998-2024 The Apache Software Foundation
2026-05-17 18:08:46,088 INFO o.a.j.JMeter: Version 5.6.3
2026-05-17 18:08:46,088 INFO o.a.j.JMeter: java.version=21.0.11
2026-05-17 18:08:46,088 INFO o.a.j.JMeter: java.vm.name=Java HotSpot(TM) 64-Bit Server VM
2026-05-17 18:08:46,088 INFO o.a.j.JMeter: os.name=Windows 10
2026-05-17 18:08:46,088 INFO o.a.j.JMeter: os.arch=amd64
2026-05-17 18:08:46,089 INFO o.a.j.JMeter: os.version=10.0
2026-05-17 18:08:46,089 INFO o.a.j.JMeter: file.encoding=UTF-8
2026-05-17 18:08:46,089 INFO o.a.j.JMeter: java.awt.headless=true
2026-05-17 18:08:46,089 INFO o.a.j.JMeter: Max memory     =1073741824
2026-05-17 18:08:46,089 INFO o.a.j.JMeter: Available Processors =4
2026-05-17 18:08:46,109 INFO o.a.j.JMeter: Default Locale=English (EN)
2026-05-17 18:08:46,109 INFO o.a.j.JMeter: JMeter  Locale=English (EN)
2026-05-17 18:08:46,109 INFO o.a.j.JMeter: JMeterHome=D:\apache-jmeter-5.6.3
2026-05-17 18:08:46,109 INFO o.a.j.JMeter: user.dir  =C:\Users\HP\.jenkins\workspace\JmeterPerAdvances
2026-05-17 18:08:46,110 INFO o.a.j.JMeter: PWD       =C:\Users\HP\.jenkins\workspace\JmeterPerAdvances
2026-05-17 18:08:52,004 INFO o.a.j.JMeter: IP: 10.81.234.134 Name: DESKTOP-NDBICF3 FullName: 10.81.234.134
2026-05-17 18:08:52,017 INFO o.a.j.JMeter: Setting property 'jmeter.reportgenerator.outputdir' to:'D:\JMeterScript\OutputReports\report50506'
2026-05-17 18:08:52,031 INFO o.a.j.s.FileServer: Default base='C:\Users\HP\.jenkins\workspace\JmeterPerAdvances'
2026-05-17 18:08:52,031 INFO o.a.j.s.FileServer: Set new base='D:\JMeterScript\Script'
2026-05-17 18:08:52,510 INFO o.a.j.s.SaveService: Testplan (JMX) version: 2.2. Testlog (JTL) version: 2.2
2026-05-17 18:08:52,605 INFO o.a.j.s.SaveService: Using SaveService properties version 5.0
2026-05-17 18:08:52,611 INFO o.a.j.s.SaveService: Using SaveService properties file encoding UTF-8
2026-05-17 18:08:52,623 INFO o.a.j.s.SaveService: Loading file: D:\JMeterScript\Script\script.jmx
2026-05-17 18:08:52,840 INFO o.a.j.p.h.s.HTTPSamplerBase: Parser for text/html is org.apache.jmeter.protocol.http.parser.LagartoBasedHtmlParser
2026-05-17 18:08:52,840 INFO o.a.j.p.h.s.HTTPSamplerBase: Parser for application/xhtml+xml is org.apache.jmeter.protocol.http.parser.LagartoBasedHtmlParser
2026-05-17 18:08:52,840 INFO o.a.j.p.h.s.HTTPSamplerBase: Parser for application/xml is org.apache.jmeter.protocol.http.parser.LagartoBasedHtmlParser
2026-05-17 18:08:52,841 INFO o.a.j.p.h.s.HTTPSamplerBase: Parser for text/xml is org.apache.jmeter.protocol.http.parser.LagartoBasedHtmlParser
2026-05-17 18:08:52,841 INFO o.a.j.p.h.s.HTTPSamplerBase: Parser for text/vnd.wap.wml is org.apache.jmeter.protocol.http.parser.RegexpHTMLParser
2026-05-17 18:08:52,841 INFO o.a.j.p.h.s.HTTPSamplerBase: Parser for text/css is org.apache.jmeter.protocol.http.parser.CssParser
2026-05-17 18:08:52,937 INFO o.a.j.JMeter: Creating summariser <summary>
2026-05-17 18:08:52,937 INFO o.a.j.r.d.ReportGenerator: ReportGenerator will use for Parsing the separator: ','
2026-05-17 18:08:52,937 ERROR o.a.j.JMeter: Error in NonGUIDriver
java.lang.IllegalArgumentException: Results file:D:\JMeterScript\results\result02202.jtl is not empty
	at org.apache.jmeter.report.dashboard.ReportGenerator.<init>(ReportGenerator.java:140) ~[ApacheJMeter_core.jar:5.6.3]
	at org.apache.jmeter.JMeter.runNonGui(JMeter.java:1007) [ApacheJMeter_core.jar:5.6.3]
	at org.apache.jmeter.JMeter.startNonGui(JMeter.java:940) [ApacheJMeter_core.jar:5.6.3]
	at org.apache.jmeter.JMeter.start(JMeter.java:508) [ApacheJMeter_core.jar:5.6.3]
	at java.base/jdk.internal.reflect.DirectMethodHandleAccessor.invoke(DirectMethodHandleAccessor.java:103) ~[?:?]
	at java.base/java.lang.reflect.Method.invoke(Method.java:580) ~[?:?]
	at org.apache.jmeter.NewDriver.main(NewDriver.java:259) [ApacheJMeter.jar:5.6.3]
2026-05-17 18:08:52,962 ERROR o.a.j.JMeter: An error occurred: 
org.apache.jmeter.report.config.ConfigurationException: Error in NonGUIDriver Results file:D:\JMeterScript\results\result02202.jtl is not empty
	at org.apache.jmeter.JMeter.runNonGui(JMeter.java:1049) ~[ApacheJMeter_core.jar:5.6.3]
	at org.apache.jmeter.JMeter.startNonGui(JMeter.java:940) ~[ApacheJMeter_core.jar:5.6.3]
	at org.apache.jmeter.JMeter.start(JMeter.java:508) [ApacheJMeter_core.jar:5.6.3]
	at java.base/jdk.internal.reflect.DirectMethodHandleAccessor.invoke(DirectMethodHandleAccessor.java:103) ~[?:?]
	at java.base/java.lang.reflect.Method.invoke(Method.java:580) ~[?:?]
	at org.apache.jmeter.NewDriver.main(NewDriver.java:259) [ApacheJMeter.jar:5.6.3]
Caused by: java.lang.IllegalArgumentException: Results file:D:\JMeterScript\results\result02202.jtl is not empty
	at org.apache.jmeter.report.dashboard.ReportGenerator.<init>(ReportGenerator.java:140) ~[ApacheJMeter_core.jar:5.6.3]
	at org.apache.jmeter.JMeter.runNonGui(JMeter.java:1007) ~[ApacheJMeter_core.jar:5.6.3]
	... 5 more
