2026-05-15 18:25:44,103 INFO o.a.j.u.JMeterUtils: Setting Locale to en_EN
2026-05-15 18:25:44,129 INFO o.a.j.JMeter: Loading user properties from: D:\apache-jmeter-5.6.3\bin\user.properties
2026-05-15 18:25:44,130 INFO o.a.j.JMeter: Loading system properties from: D:\apache-jmeter-5.6.3\bin\system.properties
2026-05-15 18:25:44,130 INFO o.a.j.JMeter: Setting JMeter property: threads=10
2026-05-15 18:25:44,130 INFO o.a.j.JMeter: Setting JMeter property: rampup=5
2026-05-15 18:25:44,130 INFO o.a.j.JMeter: Setting JMeter property: loop=10
2026-05-15 18:25:44,131 INFO o.a.j.JMeter: Setting JMeter property: throughput=300
2026-05-15 18:25:44,139 INFO o.a.j.JMeter: Copyright (c) 1998-2024 The Apache Software Foundation
2026-05-15 18:25:44,139 INFO o.a.j.JMeter: Version 5.6.3
2026-05-15 18:25:44,139 INFO o.a.j.JMeter: java.version=21.0.11
2026-05-15 18:25:44,139 INFO o.a.j.JMeter: java.vm.name=Java HotSpot(TM) 64-Bit Server VM
2026-05-15 18:25:44,139 INFO o.a.j.JMeter: os.name=Windows 10
2026-05-15 18:25:44,139 INFO o.a.j.JMeter: os.arch=amd64
2026-05-15 18:25:44,140 INFO o.a.j.JMeter: os.version=10.0
2026-05-15 18:25:44,140 INFO o.a.j.JMeter: file.encoding=UTF-8
2026-05-15 18:25:44,140 INFO o.a.j.JMeter: java.awt.headless=true
2026-05-15 18:25:44,140 INFO o.a.j.JMeter: Max memory     =1073741824
2026-05-15 18:25:44,140 INFO o.a.j.JMeter: Available Processors =4
2026-05-15 18:25:44,150 INFO o.a.j.JMeter: Default Locale=English (EN)
2026-05-15 18:25:44,151 INFO o.a.j.JMeter: JMeter  Locale=English (EN)
2026-05-15 18:25:44,151 INFO o.a.j.JMeter: JMeterHome=D:\apache-jmeter-5.6.3
2026-05-15 18:25:44,151 INFO o.a.j.JMeter: user.dir  =C:\Users\HP\.jenkins\workspace\JmeterTest-Notification
2026-05-15 18:25:44,152 INFO o.a.j.JMeter: PWD       =C:\Users\HP\.jenkins\workspace\JmeterTest-Notification
2026-05-15 18:25:44,185 INFO o.a.j.JMeter: IP: 10.81.234.6 Name: DESKTOP-NDBICF3 FullName: 10.81.234.6
2026-05-15 18:25:44,202 INFO o.a.j.JMeter: Setting property 'jmeter.reportgenerator.outputdir' to:'D:\JMeterScript\OutputReports\report5056'
2026-05-15 18:25:44,205 INFO o.a.j.s.FileServer: Default base='C:\Users\HP\.jenkins\workspace\JmeterTest-Notification'
2026-05-15 18:25:44,207 INFO o.a.j.s.FileServer: Set new base='D:\JMeterScript\Script'
2026-05-15 18:25:44,481 INFO o.a.j.s.SaveService: Testplan (JMX) version: 2.2. Testlog (JTL) version: 2.2
2026-05-15 18:25:44,541 INFO o.a.j.s.SaveService: Using SaveService properties version 5.0
2026-05-15 18:25:44,547 INFO o.a.j.s.SaveService: Using SaveService properties file encoding UTF-8
2026-05-15 18:25:44,553 INFO o.a.j.s.SaveService: Loading file: D:\JMeterScript\Script\script.jmx
2026-05-15 18:25:44,680 INFO o.a.j.p.h.s.HTTPSamplerBase: Parser for text/html is org.apache.jmeter.protocol.http.parser.LagartoBasedHtmlParser
2026-05-15 18:25:44,680 INFO o.a.j.p.h.s.HTTPSamplerBase: Parser for application/xhtml+xml is org.apache.jmeter.protocol.http.parser.LagartoBasedHtmlParser
2026-05-15 18:25:44,680 INFO o.a.j.p.h.s.HTTPSamplerBase: Parser for application/xml is org.apache.jmeter.protocol.http.parser.LagartoBasedHtmlParser
2026-05-15 18:25:44,680 INFO o.a.j.p.h.s.HTTPSamplerBase: Parser for text/xml is org.apache.jmeter.protocol.http.parser.LagartoBasedHtmlParser
2026-05-15 18:25:44,681 INFO o.a.j.p.h.s.HTTPSamplerBase: Parser for text/vnd.wap.wml is org.apache.jmeter.protocol.http.parser.RegexpHTMLParser
2026-05-15 18:25:44,681 INFO o.a.j.p.h.s.HTTPSamplerBase: Parser for text/css is org.apache.jmeter.protocol.http.parser.CssParser
2026-05-15 18:25:44,762 INFO o.a.j.JMeter: Creating summariser <summary>
2026-05-15 18:25:44,767 INFO o.a.j.r.d.ReportGenerator: ReportGenerator will use for Parsing the separator: ','
2026-05-15 18:25:44,768 INFO o.a.j.r.d.ReportGenerator: Will generate report at end of test from  results file: D:\JMeterScript\results\result0222.jtl
2026-05-15 18:25:44,768 INFO o.a.j.r.d.ReportGenerator: Reading report generator properties from: D:\apache-jmeter-5.6.3\bin\reportgenerator.properties
2026-05-15 18:25:44,769 INFO o.a.j.r.d.ReportGenerator: Merging with JMeter properties
2026-05-15 18:25:44,773 INFO o.a.j.r.c.ReportGeneratorConfiguration: Property 'jmeter.reportgenerator.temp_dir' not found, using default value 'temp' instead.
2026-05-15 18:25:44,778 INFO o.a.j.r.c.ReportGeneratorConfiguration: Property 'jmeter.reportgenerator.apdex_per_transaction' not found, using default value 'null' instead.
2026-05-15 18:25:44,780 INFO o.a.j.r.c.ReportGeneratorConfiguration: apdex_per_transaction is empty, not APDEX per transaction customization
2026-05-15 18:25:44,780 INFO o.a.j.r.c.ReportGeneratorConfiguration: Property 'jmeter.reportgenerator.sample_filter' not found, using default value 'null' instead.
2026-05-15 18:25:44,780 INFO o.a.j.r.c.ReportGeneratorConfiguration: Property 'jmeter.reportgenerator.report_title' not found, using default value 'null' instead.
2026-05-15 18:25:44,781 INFO o.a.j.r.c.ReportGeneratorConfiguration: Property 'jmeter.reportgenerator.start_date' not found, using default value 'null' instead.
2026-05-15 18:25:44,781 INFO o.a.j.r.c.ReportGeneratorConfiguration: Property 'jmeter.reportgenerator.end_date' not found, using default value 'null' instead.
2026-05-15 18:25:44,781 INFO o.a.j.r.c.ReportGeneratorConfiguration: Property 'jmeter.reportgenerator.date_format' not found, using default value 'null' instead.
2026-05-15 18:25:44,782 INFO o.a.j.r.c.ReportGeneratorConfiguration: Will use date range start date: null, end date: null
2026-05-15 18:25:44,789 INFO o.a.j.r.c.ReportGeneratorConfiguration: Property 'jmeter.reportgenerator.graph.totalTPS.exclude_controllers' not found, using default value 'false' instead.
2026-05-15 18:25:44,789 INFO o.a.j.r.c.ReportGeneratorConfiguration: Property 'jmeter.reportgenerator.graph.activeThreadsOverTime.exclude_controllers' not found, using default value 'false' instead.
2026-05-15 18:25:44,790 INFO o.a.j.r.c.ReportGeneratorConfiguration: Property 'jmeter.reportgenerator.graph.timeVsThreads.exclude_controllers' not found, using default value 'false' instead.
2026-05-15 18:25:44,790 INFO o.a.j.r.c.ReportGeneratorConfiguration: Property 'jmeter.reportgenerator.graph.responseTimeDistribution.exclude_controllers' not found, using default value 'false' instead.
2026-05-15 18:25:44,790 INFO o.a.j.r.c.ReportGeneratorConfiguration: Property 'jmeter.reportgenerator.graph.transactionsPerSecond.exclude_controllers' not found, using default value 'false' instead.
2026-05-15 18:25:44,790 INFO o.a.j.r.c.ReportGeneratorConfiguration: Property 'jmeter.reportgenerator.graph.responseTimePercentiles.exclude_controllers' not found, using default value 'false' instead.
2026-05-15 18:25:44,790 INFO o.a.j.r.c.ReportGeneratorConfiguration: Property 'jmeter.reportgenerator.graph.responseTimePercentilesOverTime.exclude_controllers' not found, using default value 'false' instead.
2026-05-15 18:25:44,791 INFO o.a.j.r.c.ReportGeneratorConfiguration: Property 'jmeter.reportgenerator.graph.responseTimesOverTime.exclude_controllers' not found, using default value 'false' instead.
2026-05-15 18:25:44,791 INFO o.a.j.r.c.ReportGeneratorConfiguration: Property 'jmeter.reportgenerator.graph.connectTimeOverTime.exclude_controllers' not found, using default value 'false' instead.
2026-05-15 18:25:44,791 INFO o.a.j.r.c.ReportGeneratorConfiguration: Property 'jmeter.reportgenerator.graph.latenciesOverTime.exclude_controllers' not found, using default value 'false' instead.
2026-05-15 18:25:44,792 INFO o.a.j.r.c.ReportGeneratorConfiguration: Property 'jmeter.reportgenerator.exporter.json.filters_only_sample_series' not found, using default value 'true' instead.
2026-05-15 18:25:44,792 INFO o.a.j.r.c.ReportGeneratorConfiguration: Property 'jmeter.reportgenerator.exporter.json.series_filter' not found, using default value '' instead.
2026-05-15 18:25:44,793 INFO o.a.j.r.c.ReportGeneratorConfiguration: Property 'jmeter.reportgenerator.exporter.json.show_controllers_only' not found, using default value 'false' instead.
2026-05-15 18:25:44,793 INFO o.a.j.r.c.ReportGeneratorConfiguration: Property 'jmeter.reportgenerator.exporter.html.filters_only_sample_series' not found, using default value 'true' instead.
2026-05-15 18:25:44,794 INFO o.a.j.r.c.ReportGeneratorConfiguration: Property 'jmeter.reportgenerator.exporter.html.series_filter' not found, using default value '' instead.
2026-05-15 18:25:44,794 INFO o.a.j.r.c.ReportGeneratorConfiguration: Property 'jmeter.reportgenerator.exporter.html.show_controllers_only' not found, using default value 'false' instead.
2026-05-15 18:25:44,811 INFO o.a.j.e.StandardJMeterEngine: Running the test!
2026-05-15 18:25:44,813 INFO o.a.j.s.SampleEvent: List of sample_variables: []
2026-05-15 18:25:44,813 INFO o.a.j.s.SampleEvent: List of sample_variables: []
2026-05-15 18:25:44,823 INFO o.a.j.e.u.CompoundVariable: Note: Function class names must contain the string: '.functions.'
2026-05-15 18:25:44,823 INFO o.a.j.e.u.CompoundVariable: Note: Function class names must not contain the string: '.gui.'
2026-05-15 18:25:44,890 INFO o.a.j.r.ClassFinder: Will scan jar D:\apache-jmeter-5.6.3\lib\ext\jmeter-plugins-manager-1.11.jar with filter ExtendsClassFilter [parents=[interface org.apache.jmeter.functions.Function], inner=false, contains=null, notContains=null]. Consider exposing JMeter plugins via META-INF/services, and add JMeter-Skip-Class-Scanning=true manifest attribute so JMeter can skip classfile scanning
2026-05-15 18:25:45,073 INFO o.a.j.r.ClassFinder: Will scan jar D:\apache-jmeter-5.6.3\lib\ext\jmeter-plugins-dummy-0.4.jar with filter ExtendsClassFilter [parents=[interface org.apache.jmeter.functions.Function], inner=false, contains=null, notContains=null]. Consider exposing JMeter plugins via META-INF/services, and add JMeter-Skip-Class-Scanning=true manifest attribute so JMeter can skip classfile scanning
2026-05-15 18:25:45,079 INFO o.a.j.r.ClassFinder: Will scan jar D:\apache-jmeter-5.6.3\lib\ext\jmeter-websocket-samplers-1.3.1.jar with filter ExtendsClassFilter [parents=[interface org.apache.jmeter.functions.Function], inner=false, contains=null, notContains=null]. Consider exposing JMeter plugins via META-INF/services, and add JMeter-Skip-Class-Scanning=true manifest attribute so JMeter can skip classfile scanning
2026-05-15 18:25:45,122 INFO o.a.j.r.ClassFinder: Will scan jar D:\apache-jmeter-5.6.3\lib\ext\jmeter-plugins-casutg-3.1.1.jar with filter ExtendsClassFilter [parents=[interface org.apache.jmeter.functions.Function], inner=false, contains=null, notContains=null]. Consider exposing JMeter plugins via META-INF/services, and add JMeter-Skip-Class-Scanning=true manifest attribute so JMeter can skip classfile scanning
2026-05-15 18:25:45,141 INFO o.a.j.r.ClassFinder: Will scan jar D:\apache-jmeter-5.6.3\lib\ext\jmeter-plugins-perfmon-2.1.jar with filter ExtendsClassFilter [parents=[interface org.apache.jmeter.functions.Function], inner=false, contains=null, notContains=null]. Consider exposing JMeter plugins via META-INF/services, and add JMeter-Skip-Class-Scanning=true manifest attribute so JMeter can skip classfile scanning
2026-05-15 18:25:45,664 INFO o.a.j.JMeter: Running test (1778858745663)
2026-05-15 18:25:45,697 INFO o.a.j.e.StandardJMeterEngine: Starting ThreadGroup: 1 : Thread Group
2026-05-15 18:25:45,698 INFO o.a.j.e.StandardJMeterEngine: Starting 10 threads for group Thread Group.
2026-05-15 18:25:45,699 INFO o.a.j.e.StandardJMeterEngine: Thread will continue on error
2026-05-15 18:25:45,699 INFO o.a.j.t.ThreadGroup: Starting thread group... number=1 threads=10 ramp-up=5 delayedStart=false
2026-05-15 18:25:45,728 INFO o.a.j.t.ThreadGroup: Started thread group number 1
2026-05-15 18:25:45,728 INFO o.a.j.e.StandardJMeterEngine: All thread groups have been started
2026-05-15 18:25:45,760 INFO o.a.j.s.SampleResult: Note: Sample TimeStamps are START times
2026-05-15 18:25:45,761 INFO o.a.j.s.SampleResult: sampleresult.default.encoding is set to UTF-8
2026-05-15 18:25:45,761 INFO o.a.j.s.SampleResult: sampleresult.useNanoTime=true
2026-05-15 18:25:45,761 INFO o.a.j.s.SampleResult: sampleresult.nanoThreadSleep=5000
2026-05-15 18:25:45,764 INFO o.a.j.t.JMeterThread: Thread started: Thread Group 1-1
2026-05-15 18:25:45,767 INFO o.a.j.s.FileServer: Stored: D:/JMeterScript/data/card.csv
2026-05-15 18:25:45,795 INFO o.a.j.s.FileServer: Stored: D:/JMeterScript/data/users_data.csv
2026-05-15 18:25:45,797 INFO o.a.j.s.FileServer: Stored: D:/JMeterScript/data/shipping_addresses.csv
2026-05-15 18:25:45,798 INFO o.a.j.s.FileServer: Stored: D:/JMeterScript/data/transaction_types.csv
2026-05-15 18:25:45,799 INFO o.a.j.s.FileServer: Stored: D:/JMeterScript/data/ip_pools.csv
2026-05-15 18:25:45,800 INFO o.a.j.s.FileServer: Stored: D:/JMeterScript/data/device_ids.csv
2026-05-15 18:25:45,801 INFO o.a.j.s.FileServer: Stored: D:/JMeterScript/data/beneficiaries_data.csv
2026-05-15 18:25:45,801 INFO o.a.j.s.FileServer: Stored: D:/JMeterScript/data/creds.csv
2026-05-15 18:25:46,252 INFO o.a.j.t.JMeterThread: Thread started: Thread Group 1-2
2026-05-15 18:25:46,753 INFO o.a.j.t.JMeterThread: Thread started: Thread Group 1-3
2026-05-15 18:25:47,310 INFO o.a.j.t.JMeterThread: Thread started: Thread Group 1-4
2026-05-15 18:25:47,877 INFO o.a.j.t.JMeterThread: Thread started: Thread Group 1-5
2026-05-15 18:25:48,252 INFO o.a.j.t.JMeterThread: Thread started: Thread Group 1-6
2026-05-15 18:25:48,758 INFO o.a.j.t.JMeterThread: Thread started: Thread Group 1-7
2026-05-15 18:25:49,014 INFO o.a.j.p.h.s.HTTPHCAbstractImpl: Local host = DESKTOP-NDBICF3
2026-05-15 18:25:49,023 INFO o.a.j.p.h.s.HTTPHC4Impl: HTTP request retry count = 0
2026-05-15 18:25:49,249 INFO o.a.j.t.JMeterThread: Thread started: Thread Group 1-8
2026-05-15 18:25:49,749 INFO o.a.j.t.JMeterThread: Thread started: Thread Group 1-9
2026-05-15 18:25:50,249 INFO o.a.j.t.JMeterThread: Thread started: Thread Group 1-10
2026-05-15 18:26:16,464 INFO o.a.j.t.JMeterThread: Thread is done: Thread Group 1-4
2026-05-15 18:26:16,464 INFO o.a.j.t.JMeterThread: Thread finished: Thread Group 1-4
2026-05-15 18:26:18,953 INFO o.a.j.t.JMeterThread: Thread is done: Thread Group 1-1
2026-05-15 18:26:18,954 INFO o.a.j.t.JMeterThread: Thread finished: Thread Group 1-1
2026-05-15 18:26:21,005 INFO o.a.j.t.JMeterThread: Thread is done: Thread Group 1-9
2026-05-15 18:26:21,005 INFO o.a.j.t.JMeterThread: Thread finished: Thread Group 1-9
2026-05-15 18:26:21,516 INFO o.a.j.t.JMeterThread: Thread is done: Thread Group 1-10
2026-05-15 18:26:21,517 INFO o.a.j.t.JMeterThread: Thread finished: Thread Group 1-10
2026-05-15 18:26:21,871 INFO o.a.j.t.JMeterThread: Thread is done: Thread Group 1-8
2026-05-15 18:26:21,872 INFO o.a.j.t.JMeterThread: Thread finished: Thread Group 1-8
2026-05-15 18:26:22,019 INFO o.a.j.t.JMeterThread: Thread is done: Thread Group 1-6
2026-05-15 18:26:22,019 INFO o.a.j.t.JMeterThread: Thread finished: Thread Group 1-6
2026-05-15 18:26:22,291 INFO o.a.j.t.JMeterThread: Thread is done: Thread Group 1-7
2026-05-15 18:26:22,291 INFO o.a.j.t.JMeterThread: Thread finished: Thread Group 1-7
2026-05-15 18:26:22,392 INFO o.a.j.t.JMeterThread: Thread is done: Thread Group 1-5
2026-05-15 18:26:22,393 INFO o.a.j.t.JMeterThread: Thread finished: Thread Group 1-5
2026-05-15 18:26:22,747 INFO o.a.j.t.JMeterThread: Thread is done: Thread Group 1-2
2026-05-15 18:26:22,749 INFO o.a.j.t.JMeterThread: Thread finished: Thread Group 1-2
2026-05-15 18:26:23,131 INFO o.a.j.t.JMeterThread: Thread is done: Thread Group 1-3
2026-05-15 18:26:23,132 INFO o.a.j.t.JMeterThread: Thread finished: Thread Group 1-3
2026-05-15 18:26:23,135 INFO o.a.j.e.StandardJMeterEngine: Notifying test listeners of end of test
2026-05-15 18:26:23,136 INFO o.a.j.s.FileServer: Close: D:/JMeterScript/data/device_ids.csv
2026-05-15 18:26:23,137 INFO o.a.j.s.FileServer: Close: D:/JMeterScript/data/creds.csv
2026-05-15 18:26:23,137 INFO o.a.j.s.FileServer: Close: D:/JMeterScript/data/users_data.csv
2026-05-15 18:26:23,139 INFO o.a.j.s.FileServer: Close: D:/JMeterScript/data/beneficiaries_data.csv
2026-05-15 18:26:23,139 INFO o.a.j.s.FileServer: Close: D:/JMeterScript/data/shipping_addresses.csv
2026-05-15 18:26:23,140 INFO o.a.j.s.FileServer: Close: D:/JMeterScript/data/ip_pools.csv
2026-05-15 18:26:23,141 INFO o.a.j.s.FileServer: Close: D:/JMeterScript/data/card.csv
2026-05-15 18:26:23,142 INFO o.a.j.s.FileServer: Close: D:/JMeterScript/data/transaction_types.csv
2026-05-15 18:26:23,154 INFO o.a.j.r.Summariser: summary =      0 in 00:00:00 = ******/s Avg:     0 Min: 9223372036854775807 Max: -9223372036854775808 Err:     0 (0.00%)
2026-05-15 18:26:23,155 INFO o.a.j.JMeter: Generating Dashboard
2026-05-15 18:26:23,155 INFO o.a.j.r.d.ReportGenerator: Flushing result collector before report Generation
2026-05-15 18:26:23,187 INFO o.a.j.r.p.NormalizerSampleConsumer: Using format, 'ms', to parse timeStamp field
2026-05-15 18:26:23,323 INFO o.a.j.r.p.AbstractSampleConsumer: class org.apache.jmeter.report.processor.AggregateConsumer#stopProducing(): beginDate produced 0 samples
2026-05-15 18:26:23,323 INFO o.a.j.r.p.AbstractSampleConsumer: class org.apache.jmeter.report.processor.AggregateConsumer#stopProducing(): endDate produced 0 samples
2026-05-15 18:26:23,328 INFO o.a.j.r.p.AbstractSampleConsumer: class org.apache.jmeter.report.processor.ApdexSummaryConsumer#stopProducing(): apdexSummary produced 0 samples
2026-05-15 18:26:23,328 INFO o.a.j.r.p.AbstractSampleConsumer: class org.apache.jmeter.report.processor.RequestsSummaryConsumer#stopProducing(): requestsSummary produced 0 samples
2026-05-15 18:26:23,331 INFO o.a.j.r.p.AbstractSampleConsumer: class org.apache.jmeter.report.processor.StatisticsSummaryConsumer#stopProducing(): statisticsSummary produced 0 samples
2026-05-15 18:26:23,338 INFO o.a.j.r.p.AbstractSampleConsumer: class org.apache.jmeter.report.processor.Top5ErrorsBySamplerConsumer#stopProducing(): top5ErrorsBySampler produced 0 samples
2026-05-15 18:26:23,338 INFO o.a.j.r.p.AbstractSampleConsumer: class org.apache.jmeter.report.processor.ErrorsSummaryConsumer#stopProducing(): errorsSummary produced 0 samples
2026-05-15 18:26:23,338 INFO o.a.j.r.p.AbstractSampleConsumer: class org.apache.jmeter.report.processor.graph.impl.HitsPerSecondGraphConsumer#stopProducing(): hitsPerSecond produced 0 samples
2026-05-15 18:26:23,363 INFO o.a.j.r.p.AbstractSampleConsumer: class org.apache.jmeter.report.processor.graph.impl.LatencyVSRequestGraphConsumer#stopProducing(): latencyVsRequest produced 0 samples
2026-05-15 18:26:23,364 INFO o.a.j.r.p.AbstractSampleConsumer: class org.apache.jmeter.report.processor.graph.impl.SyntheticResponseTimeDistributionGraphConsumer#stopProducing(): syntheticResponseTimeDistribution produced 0 samples
2026-05-15 18:26:23,365 INFO o.a.j.r.p.AbstractSampleConsumer: class org.apache.jmeter.report.processor.graph.impl.BytesThroughputGraphConsumer#stopProducing(): bytesThroughputOverTime produced 0 samples
2026-05-15 18:26:23,365 INFO o.a.j.r.p.AbstractSampleConsumer: class org.apache.jmeter.report.processor.graph.impl.CodesPerSecondGraphConsumer#stopProducing(): codesPerSecond produced 0 samples
2026-05-15 18:26:23,374 INFO o.a.j.r.p.AbstractSampleConsumer: class org.apache.jmeter.report.processor.graph.impl.ResponseTimeVSRequestGraphConsumer#stopProducing(): responseTimeVsRequest produced 0 samples
2026-05-15 18:26:23,374 INFO o.a.j.r.p.AbstractSampleConsumer: class org.apache.jmeter.report.processor.FilterConsumer#stopProducing(): startIntervalControlerFilter produced 700 samples
2026-05-15 18:26:23,374 INFO o.a.j.r.p.AbstractSampleConsumer: class org.apache.jmeter.report.processor.graph.impl.TotalTPSGraphConsumer#stopProducing(): totalTPS produced 0 samples
2026-05-15 18:26:23,375 INFO o.a.j.r.p.AbstractSampleConsumer: class org.apache.jmeter.report.processor.graph.impl.ActiveThreadsGraphConsumer#stopProducing(): activeThreadsOverTime produced 0 samples
2026-05-15 18:26:23,376 INFO o.a.j.r.p.AbstractSampleConsumer: class org.apache.jmeter.report.processor.graph.impl.TimeVSThreadGraphConsumer#stopProducing(): timeVsThreads produced 0 samples
2026-05-15 18:26:23,379 INFO o.a.j.r.p.AbstractSampleConsumer: class org.apache.jmeter.report.processor.graph.impl.ResponseTimeDistributionGraphConsumer#stopProducing(): responseTimeDistribution produced 0 samples
2026-05-15 18:26:23,379 INFO o.a.j.r.p.AbstractSampleConsumer: class org.apache.jmeter.report.processor.graph.impl.TransactionsPerSecondGraphConsumer#stopProducing(): transactionsPerSecond produced 0 samples
2026-05-15 18:26:23,379 INFO o.a.j.r.p.AbstractSampleConsumer: class org.apache.jmeter.report.processor.graph.impl.ResponseTimePercentilesGraphConsumer#stopProducing(): responseTimePercentiles produced 0 samples
2026-05-15 18:26:23,385 INFO o.a.j.r.p.AbstractSampleConsumer: class org.apache.jmeter.report.processor.graph.impl.ResponseTimePercentilesOverTimeGraphConsumer#stopProducing(): responseTimePercentilesOverTime produced 0 samples
2026-05-15 18:26:23,386 INFO o.a.j.r.p.AbstractSampleConsumer: class org.apache.jmeter.report.processor.graph.impl.ResponseTimeOverTimeGraphConsumer#stopProducing(): responseTimesOverTime produced 0 samples
2026-05-15 18:26:23,386 INFO o.a.j.r.p.AbstractSampleConsumer: class org.apache.jmeter.report.processor.graph.impl.ConnectTimeOverTimeGraphConsumer#stopProducing(): connectTimeOverTime produced 0 samples
2026-05-15 18:26:23,386 INFO o.a.j.r.p.AbstractSampleConsumer: class org.apache.jmeter.report.processor.graph.impl.LatencyOverTimeGraphConsumer#stopProducing(): latenciesOverTime produced 0 samples
2026-05-15 18:26:23,386 INFO o.a.j.r.p.AbstractSampleConsumer: class org.apache.jmeter.report.processor.FilterConsumer#stopProducing(): nameFilter produced 3000 samples
2026-05-15 18:26:23,386 INFO o.a.j.r.p.AbstractSampleConsumer: class org.apache.jmeter.report.processor.FilterConsumer#stopProducing(): dateRangeFilter produced 600 samples
2026-05-15 18:26:23,387 INFO o.a.j.r.p.AbstractSampleConsumer: class org.apache.jmeter.report.processor.NormalizerSampleConsumer#stopProducing(): normalizer produced 200 samples
2026-05-15 18:26:23,387 INFO o.a.j.r.p.CsvFileSampleSource: produce(): 200 samples produced in 160ms on channel 0
2026-05-15 18:26:23,388 INFO o.a.j.r.d.ReportGenerator: Exporting data using exporter:'json' of className:'org.apache.jmeter.report.dashboard.JsonExporter'
2026-05-15 18:26:23,529 INFO o.a.j.r.d.JsonExporter: Found data for consumer statisticsSummary in context
2026-05-15 18:26:23,529 INFO o.a.j.r.d.JsonExporter: Creating statistics for overall
2026-05-15 18:26:23,531 INFO o.a.j.r.d.JsonExporter: Creating statistics for other transactions
2026-05-15 18:26:23,531 INFO o.a.j.r.d.JsonExporter: Checking output folder
2026-05-15 18:26:23,532 INFO o.a.j.r.d.JsonExporter: Writing statistics JSON to D:\JMeterScript\OutputReports\report5056\statistics.json
2026-05-15 18:26:23,601 INFO o.a.j.r.d.ReportGenerator: Exporting data using exporter:'html' of className:'org.apache.jmeter.report.dashboard.HtmlTemplateExporter'
2026-05-15 18:26:23,606 INFO o.a.j.r.d.HtmlTemplateExporter: Will generate dashboard in folder: D:\JMeterScript\OutputReports\report5056
2026-05-15 18:26:23,920 INFO o.a.j.r.d.HtmlTemplateExporter: Report will be generated in: D:\JMeterScript\OutputReports\report5056, creating folder structure
2026-05-15 18:26:23,922 INFO o.a.j.r.d.TemplateVisitor: Copying folder from 'D:\apache-jmeter-5.6.3\bin\report-template' to 'D:\JMeterScript\OutputReports\report5056', got message: D:\JMeterScript\OutputReports\report5056, found non empty folder with following content [D:\JMeterScript\OutputReports\report5056\statistics.json], will be ignored
2026-05-15 18:26:24,434 INFO o.a.j.JMeter: Dashboard generated
